%!Adobe-FontList 1.16
%Locale:0x4009

%BeginFont
Handler:DirectoryHandler
FontType:Invalid
OutlineFileName:G:\HTML5\birdhunter\assets\Font\badaboom\BADABB-bg.png
FileModTime:1458123579
%EndFont

%BeginFont
Handler:DirectoryHandler
FontType:Invalid
OutlineFileName:G:\HTML5\birdhunter\assets\Font\badaboom\BADABB-thumb.png
FileModTime:1458123579
%EndFont

%BeginFont
Handler:DirectoryHandler
FontType:Invalid
OutlineFileName:G:\HTML5\birdhunter\assets\Font\badaboom\BADABB.eot
FileModTime:1458214608
%EndFont

%BeginFont
Handler:DirectoryHandler
FontType:Invalid
OutlineFileName:G:\HTML5\birdhunter\assets\Font\badaboom\BADABB.png
FileModTime:1458123579
%EndFont

%BeginFont
Handler:DirectoryHandler
FontType:TrueType
FontName:BadaBoomBB
FamilyName:BadaBoom BB
StyleName:Regular
FullName:BadaBoom BB
MenuName:BadaBoom BB
StyleBits:0
WritingScript:Roman
OutlineFileName:G:\HTML5\birdhunter\assets\Font\badaboom\BADABB.ttf
DataFormat:sfntData
FileLength:18980
FileModTime:1458123579
WeightClass:400
WidthClass:5
AngleClass:0
NameArray:0,Mac,4,BadaBoom BB
NameArray:0,Win,1,BadaBoom BB
%EndFont

%BeginFont
Handler:DirectoryHandler
FontType:Invalid
OutlineFileName:G:\HTML5\birdhunter\assets\Font\badaboom\BADABB.woff
FileModTime:1458123579
%EndFont

%BeginFont
Handler:DirectoryHandler
FontType:Invalid
OutlineFileName:G:\HTML5\birdhunter\assets\Font\badaboom\font.css
FileModTime:1458123848
%EndFont

%BeginFont
Handler:DirectoryHandler
FontType:Invalid
OutlineFileName:G:\HTML5\birdhunter\assets\Font\badaboom\index.html
FileModTime:1458123579
%EndFont

%BeginFont
Handler:DirectoryHandler
FontType:Invalid
OutlineFileName:G:\HTML5\birdhunter\assets\Font\badaboom\readme.txt
FileModTime:1458123579
%EndFont

%BeginFont
Handler:DirectoryHandler
FontType:Invalid
OutlineFileName:G:\HTML5\birdhunter\assets\Font\badaboom\web\badabb-demo.html
FileModTime:1458227216
%EndFont

%BeginFont
Handler:DirectoryHandler
FontType:Invalid
OutlineFileName:G:\HTML5\birdhunter\assets\Font\badaboom\web\badabb-webfont.eot
FileModTime:1458227216
%EndFont

%BeginFont
Handler:DirectoryHandler
FontType:Invalid
OutlineFileName:G:\HTML5\birdhunter\assets\Font\badaboom\web\badabb-webfont.svg
FileModTime:1458227216
%EndFont

%BeginFont
Handler:DirectoryHandler
FontType:TrueType
FontName:BadaBoomBB
FamilyName:BadaBoom BB
StyleName:Regular
FullName:BadaBoom BB Regular
MenuName:BadaBoom BB
StyleBits:0
WritingScript:Roman
OutlineFileName:G:\HTML5\birdhunter\assets\Font\badaboom\web\badabb-webfont.ttf
DataFormat:sfntData
FileLength:17324
FileModTime:1458227216
WeightClass:400
WidthClass:5
AngleClass:0
NameArray:0,Win,1,BadaBoom BB
%EndFont

%BeginFont
Handler:DirectoryHandler
FontType:Invalid
OutlineFileName:G:\HTML5\birdhunter\assets\Font\badaboom\web\badabb-webfont.woff
FileModTime:1458227216
%EndFont

%BeginFont
Handler:DirectoryHandler
FontType:Invalid
OutlineFileName:G:\HTML5\birdhunter\assets\Font\badaboom\web\badabb-webfont.woff2
FileModTime:1458227216
%EndFont

%BeginFont
Handler:DirectoryHandler
FontType:Invalid
OutlineFileName:G:\HTML5\birdhunter\assets\Font\badaboom\web\generator_config.txt
FileModTime:1458227216
%EndFont

%BeginFont
Handler:DirectoryHandler
FontType:Invalid
OutlineFileName:G:\HTML5\birdhunter\assets\Font\badaboom\web\stylesheet.css
FileModTime:1458227216
%EndFont

